// Jest Snapshot v1, https://goo.gl/fbAQLP

exports[`About should match the snapshot 1`] = `
<View
  style={
    Object {
      "alignItems": "center",
      "flex": 1,
      "justifyContent": "space-between",
    }
  }
>
  <ScrollViewMock
    style={
      Object {
        "marginHorizontal": 15,
      }
    }
  >
    <Text
      style={
        Object {
          "color": "#212b31",
          "fontSize": 20,
          "margin": 10,
          "marginBottom": 10,
          "textAlign": "center",
        }
      }
    >
      TravelRx is a traveller’s favorite medication-tracking companion! With TravelRx, you don’t need to worry about getting sick while travelling and needing to find the proper medication on your own, losing your everyday medications, or being able to find medical assistance in an area where you don’t speak the language.
    </Text>
    <Text
      style={
        Object {
          "color": "#212b31",
          "fontSize": 20,
          "margin": 10,
          "marginBottom": 10,
          "textAlign": "center",
        }
      }
    >
      Our app provides a traveller with the ability to look up a medication’s generic name from its American brand name, as pharmacies worldwide use the generic medication name rather than brand names.
    </Text>
    <Text
      style={
        Object {
          "color": "#212b31",
          "fontSize": 20,
          "margin": 10,
          "marginBottom": 10,
          "textAlign": "center",
        }
      }
    >
      It also provides you with access to a personalized “medicine cabinet,” where you can store information about the medications you take, including their name (brand and generic), time of day you take the medicine, frequency of dosage, as well as the dosage amount.
    </Text>
    <Text
      style={
        Object {
          "color": "#212b31",
          "fontSize": 20,
          "margin": 10,
          "marginBottom": 10,
          "textAlign": "center",
        }
      }
    >
      Lastly, if you are in an area where Spanish, French, Mandarin, German, or Arabic are spoken, TravelRx provides you with popular emergency medical phrases to assist you in getting the help you need.
    </Text>
    <Text
      style={
        Object {
          "fontSize": 18,
          "fontWeight": "bold",
          "textAlign": "center",
        }
      }
    >
      Created By:
    </Text>
    <Text
      style={
        Object {
          "fontSize": 16,
          "textAlign": "center",
        }
      }
    >
      Smitha Hosmani
    </Text>
    <Text
      style={
        Object {
          "fontSize": 16,
          "textAlign": "center",
        }
      }
    >
      Leiya Kenney
    </Text>
    <Text
      style={
        Object {
          "fontSize": 16,
          "textAlign": "center",
        }
      }
    >
      Jeannie Evans
    </Text>
    <Text
      style={
        Object {
          "fontSize": 16,
          "textAlign": "center",
        }
      }
    >
      Amy Rippeto
    </Text>
  </ScrollViewMock>
  <Footer />
</View>
`;
