// Jest Snapshot v1, https://goo.gl/fbAQLP

exports[`About should match the snapshot 1`] = `
<View
  style={
    Object {
      "alignItems": "center",
      "flex": 1,
      "justifyContent": "space-between",
    }
  }
>
  <ScrollViewMock
    style={
      Object {
        "marginHorizontal": 15,
      }
    }
  >
    <Text
      style={
        Object {
          "color": "#212b31",
          "fontSize": 18,
          "margin": 10,
          "textAlign": "center",
        }
      }
    >
      Havana brown. Egyptian mau american shorthair. Scottish fold. Kitten grimalkin so puma malkin maine coon. Manx. Munchkin leopard savannah, yet tom, or egyptian mau persian. Tom kitten so cougar. Cougar abyssinian , so ocicat yet cornish rex yet ragdoll and tom british shorthair. Birman jaguar ocelot and tomcat.
    </Text>
    <Text
      style={
        Object {
          "color": "#212b31",
          "fontSize": 18,
          "margin": 10,
          "textAlign": "center",
        }
      }
    >
      Balinese siamese. Norwegian forest balinese savannah yet himalayan british shorthair leopard bengal. Abyssinian . Ocelot grimalkin so lynx. Tiger devonshire rex, for persian so balinese so kitten, leopard. Cougar ocelot yet singapura. Scottish fold savannah munchkin yet turkish angora tabby or balinese singapura.
    </Text>
    <Text
      style={
        Object {
          "color": "#212b31",
          "fontSize": 18,
          "margin": 10,
          "textAlign": "center",
        }
      }
    >
      Devonshire rex singapura grimalkin. Malkin malkin or cornish rex. Grimalkin sphynx ragdoll or devonshire rex yet tomcat but birman for mouser. British shorthair tiger. Bobcat egyptian mau. Norwegian forest british shorthair but cougar ragdoll leopard, savannah russian blue.
    </Text>
  </ScrollViewMock>
  <Footer />
</View>
`;
