// Jest Snapshot v1, https://goo.gl/fbAQLP

exports[`MedicineCabinet should match snapshot 1`] = `
<View
  style={
    Object {
      "alignItems": "center",
      "flex": 1,
      "justifyContent": "space-between",
    }
  }
>
  <ComponentWrapper>
    <TouchableOpacity
      activeOpacity={0.2}
      key="Phenergan"
      onPress={[Function]}
      style={
        Object {
          "flex": 1,
          "flexDirection": "row",
          "marginTop": 80.03999999999999,
          "width": 675,
        }
      }
    >
      <Icon
        allowFontScaling={false}
        color="#3499AA"
        name="pill"
        size={50}
      />
      <View>
        <Text
          style={
            Object {
              "color": "#3499AA",
              "fontSize": 53.36,
              "fontWeight": "bold",
              "marginLeft": 15,
            }
          }
        >
          Phenergan
        </Text>
        <Text
          style={
            Object {
              "color": "#212B31",
              "fontSize": 40.019999999999996,
              "marginLeft": 15,
            }
          }
        >
          Promethazine
        </Text>
      </View>
    </TouchableOpacity>
    <TouchableOpacity
      activeOpacity={0.2}
      key="Vibramycin"
      onPress={[Function]}
      style={
        Object {
          "flex": 1,
          "flexDirection": "row",
          "marginTop": 80.03999999999999,
          "width": 675,
        }
      }
    >
      <Icon
        allowFontScaling={false}
        color="#3499AA"
        name="pill"
        size={50}
      />
      <View>
        <Text
          style={
            Object {
              "color": "#3499AA",
              "fontSize": 53.36,
              "fontWeight": "bold",
              "marginLeft": 15,
            }
          }
        >
          Vibramycin
        </Text>
        <Text
          style={
            Object {
              "color": "#212B31",
              "fontSize": 40.019999999999996,
              "marginLeft": 15,
            }
          }
        >
          Doxycycline
        </Text>
      </View>
    </TouchableOpacity>
  </ComponentWrapper>
  <TouchableOpacity
    activeOpacity={0.2}
    onPress={[Function]}
    style={
      Object {
        "backgroundColor": "#3499AA",
        "borderColor": "white",
        "borderRadius": 12,
        "borderWidth": 1,
        "display": "flex",
        "fontWeight": "bold",
        "height": 45,
        "justifyContent": "center",
        "marginBottom": 66.7,
        "overflow": "hidden",
        "padding": 0,
        "width": 637.5,
      }
    }
  >
    <Text
      style={
        Object {
          "color": "#EBEBEB",
          "fontSize": 53,
          "textAlign": "center",
        }
      }
    >
      Add Medication
    </Text>
  </TouchableOpacity>
  <Footer />
</View>
`;
